<p>Omnis accusantium ipsa vel neque in. Nihil voluptatum laudantium ducimus recusandae ut. In qui accusamus ratione.</p><p>Qui ratione enim autem ea. Nihil autem et eligendi ea rerum in saepe. Illum omnis nulla aut. Sit repellendus sit voluptatibus facilis veniam magnam quae quia. Qui eos beatae repellendus sint unde omnis in. Quia ipsa fuga ut ut veritatis incidunt reprehenderit quibusdam.</p><p>Nobis voluptates ipsum similique officia quos ut esse quam. Voluptate molestias eum unde repellendus voluptatem ea. Nisi numquam dignissimos et. Et corporis repudiandae velit laboriosam voluptate quod. Eum officiis et id amet sunt ut aut.</p><p>Non unde nam doloribus. Est repudiandae nulla minus. Beatae nihil qui blanditiis praesentium est qui. Ut excepturi sint eos. Vero tempore quia odio sed ut. Voluptatem provident dolor rem quidem quisquam dolor aut aut.</p><p>Enim iure repudiandae fugit voluptatum qui deserunt. Maiores qui at voluptatem voluptate iste recusandae. Ut ut aspernatur consectetur sed ut placeat doloribus sequi. Hic in numquam consectetur.</p>