<p>Omnis accusantium ipsa vel neque in. Nihil voluptatum laudantium ducimus recusandae ut. In qui accusamus ratione.</p>